[www.gemcorp.net/index.html]
[backblue.gif]
[fade.gif]
[index.html]
[www.gemcorp.net/files/Home-Flexibility3855.jpg]
[www.gemcorp.net/theme/gemcorp/css/style1dc7.css]
[www.gemcorp.net/opportunity.html]
[www.gemcorp.net/team.html]
[www.gemcorp.net/impact.html]
[www.gemcorp.net/contacts.html]
[www.gemcorp.net/files/Home-Partnerships4c11.jpg]
[www.gemcorp.net/files/Home-LocalIntelligence55d2.jpg]
[www.gemcorp.net/files/Home-RiskControl062e.jpg]
[www.gemcorp.net/files/Home-IdeaOriginatione3d7.jpg]
[www.gemcorp.net/files/Home-LowerVolatility5ff7.jpg]
[www.gemcorp.net/terms.html]
[www.gemcorp.net/privacy-notice.html]
[www.gemcorp.net/index.html]
[www.gemcorp.net/theme/gemcorp/js/app.min4691.js]
[www.gemcorp.net/theme/gemcorp/js/libs.min0b37.js]
[www.gemcorp.net/theme/gemcorp/fonts/gemcorp/acta-bold-webfont.woff]
[www.gemcorp.net/theme/gemcorp/fonts/gemcorp/acta-book-webfont.woff]
[www.gemcorp.net/theme/gemcorp/fonts/gemcorp/acta-light-webfont.woff]
[www.gemcorp.net/theme/gemcorp/fonts/gemcorp/proximanova-regular-webfont.woff]
[www.gemcorp.net/theme/gemcorp/fonts/gemcorp/proximanova-bold-webfont.woff]
[www.gemcorp.net/theme/gemcorp/css/style1dc7.css]
[www.gemcorp.net/theme/gemcorp/img/logoeb27.svg]
[www.gemcorp.net/files/Opportunity3c31.jpg]
[www.gemcorp.net/opportunity.html]
[www.gemcorp.net/theme/gemcorp/img/Teamb146.jpg]
[www.gemcorp.net/files/team-atanas-bostanjieve54f.jpg]
[www.gemcorp.net/files/team-parvoleta-shterevab1fa.jpg]
[www.gemcorp.net/files/team-nicolas-rabeaub650.jpg]
[www.gemcorp.net/files/team-tue-sandocd8a.jpg]
[www.gemcorp.net/files/team-sarah-walton2bce.jpg]
[www.gemcorp.net/files/team-felipe-berliner2747.jpg]
[www.gemcorp.net/files/norman-hay06ac.jpg]
[www.gemcorp.net/team.html]
[www.gemcorp.net/files/SocialImpact26e8.jpg]
[www.gemcorp.net/files/impact-1159b.jpg]
[www.gemcorp.net/files/impact-29618.jpg]
[www.gemcorp.net/files/impact-3208d.jpg]
[www.gemcorp.net/files/SocialImpact-Angolaa712.jpg]
[www.gemcorp.net/impact.html]
[www.gemcorp.net/files/Contacts994f.jpg]
[www.gemcorp.net/theme/gemcorp/img/kingbird-logoe6f7.jpg]
[www.gemcorp.net/contacts.html]
[www.gemcorp.net/files/2018-02/icon-local-knowledgef33d.svg]
[www.gemcorp.net/files/2018-02/icon-specialists3eed.svg]
[www.gemcorp.net/files/2018-02/icon-innovative-strategies0f15.svg]
[www.gemcorp.net/files/2018-02/icon-volatility131b.svg]
[www.gemcorp.net/files/2018-02/icon-uncorrelated-ideas9db5.svg]
[www.gemcorp.net/files/2018-02/icon-risk-control032c.svg]
[www.gemcorp.net/terms.html]
[www.gemcorp.net/privacy-notice.html]
[www.gemcorp.net/theme/gemcorp/fonts/gemcorp/acta-bold-webfont.html]
[www.gemcorp.net/theme/gemcorp/fonts/gemcorp/acta-book-webfont.html]
[www.gemcorp.net/theme/gemcorp/fonts/gemcorp/acta-light-webfont.html]
[www.gemcorp.net/theme/gemcorp/fonts/gemcorp/proximanova-regular-webfont.html]
[www.gemcorp.net/theme/gemcorp/fonts/gemcorp/proximanova-bold-webfont.html]
[www.gemcorp.net/theme/gemcorp/fonts/font-awesome/font-awesome_customa572.html]
[www.gemcorp.net/theme/gemcorp/fonts/font-awesome/font-awesome_customa572-2.html]
[www.gemcorp.net/theme/gemcorp/fonts/font-awesome/font-awesome_customa572-3.html]
[www.gemcorp.net/theme/gemcorp/fonts/font-awesome/font-awesome_customa572-4.html]
[www.gemcorp.net/theme/gemcorp/fonts/font-awesome/font-awesome_customa572-5.html]
[www.gemcorp.net/theme/gemcorp/img/decoration-desktop.svg]
[www.gemcorp.net/theme/gemcorp/img/decoration-large-top.svg]
[www.gemcorp.net/theme/gemcorp/img/decoration-chess-card.svg]
[www.gemcorp.net/theme/gemcorp/img/arrow-small-left.svg]
[www.gemcorp.net/theme/gemcorp/img/arrow-small-right.svg]
[www.gemcorp.net/theme/gemcorp/img/clock-bg.svg]
[www.gemcorp.net/theme/gemcorp/css/ajax-loader.html]
[www.gemcorp.net/theme/gemcorp/img/decoration-mobile.svg]
[www.gemcorp.net/files/2018-02/icon-long-term-partnershipsb0ca.svg]
[www.gemcorp.net/files/2018-02/icon-creative-solutions9816.svg]
[www.gemcorp.net/files/2018-02/1518619550_icon-innovative-strategies1bff.svg]
[www.gemcorp.net/files/2018-02/icon-team-experiencee60e.svg]
[www.gemcorp.net/files/2018-02/icon-social-impactf8ba.svg]
[www.gemcorp.net/files/2018-02/icon-differentiation0e59.svg]
[www.gemcorp.net/files/2018-02/icon-macro-trading8c88.svg]
[www.gemcorp.net/files/2018-02/icon-public-credit1b9f.svg]
[www.gemcorp.net/files/2018-02/icon-trade-finance9314.svg]
[www.gemcorp.net/files/2018-02/icon-direct-lending227e.svg]
[www.gemcorp.net/files/decoration-opportunity1210.svg]
[www.gemcorp.net/files/locations-operational-markerts0b13.svg]
[www.gemcorp.net/theme/gemcorp/img/pin-target-market33d4.svg]
[www.gemcorp.net/theme/gemcorp/img/pin-dedicated-presence-marketc1a2.svg]
